chr	pos	marker_name	haplogroup	mutation	anc	der	reads	called_perc	called_base	state
chrY	6920150	V148	A0	G->A	G	A	3	100	A	D
chrY	2958271	L1086	A00	A->T	A	T	2	100	T	D
chrY	19577868	M31	A1a	G->C	G	C	2	100	G	A
chrY	19578550	M32	A1b1b	T->C	T	C	2	100	T	A
chrY	19704954	M42	BT	A->T	A	T	3	100	T	D
chrY	2866813	M130	C	C->T	C	T	2	100	T	D
chrY	19580272	M38	C1b2a	T->G	T	G	1	100	T	A
chrY	3009438	M347	C1b2b	A->G	A	G	3	100	A	A
chrY	13325453	M217	C2	A->C	A	C	1	100	C	D
chrY	19587995	M48	C2b1a2	A->G	A	G	3	100	A	A
chrY	19710852	M55	D1b	T->C	T	C	2	100	C	D
chrY	19578564	M33	E1a	A->C	A	C	1	100	C	D
chrY	13355944	M215	E1b1b	A->G	A	G	3	100	G	D
chrY	19910211	P287	G2	G->T	G	T	4	100	G	A
chrY	16635613	M436	I2a2	G->C	G	C	3	100	G	A
chrY	20579932	M267	J1	T->G	T	G	1	100	T	A
chrY	19571568	M20	L	A->G	A	G	5	100	A	A
chrY	13357844	M231	N	G->A	G	A	1	100	A	D
chrY	19816895	B479	N1a1a1a1a1c~	C->A	C	A	3	100	A	D
chrY	3012505	B202	N1a1a1a1a3b	T->C	T	C	3	100	T	A
chrY	16968722	F2930	N1b	G->A	G	A	2	100	G	A
chrY	7700527	P186	O	C->A	C	A	2	100	A	D
chrY	19600799	M119	O1a	T->G	T	G	2	100	G	D
chrY	16984483	M3	Q1b1a1a	G->A	G	A	3	100	A	D
chrY	13470103	M207	R	A->G	A	G	1	100	G	D
chrY	19995425	P312	R1b1a1a2a1a2	C->A	C	A	2	100	A	D
chrY	4994820	V88	R1b1a2	C->T	C	T	3	100	T	D
